// Jest Snapshot v1, https://goo.gl/fbAQLP

exports[`<TimeContainer /> appearance displays the same 1`] = `
.css-0,
[data-css-0] {
  position: relative;
  overflow: hidden;
  padding: 0.5em;
  background-color: rgba(0, 0, 0, 0);
}

<div
  className="css-0"
/>
`;
